Archive member included to satisfy reference by file (symbol)

C:/ST/STM32CubeIDE_1.15.1/STM32CubeIDE/plugins/com.st.stm32cube.ide.mcu.externaltools.gnu-tools-for-stm32.12.3.rel1.win32_1.0.100.202403111256/tools/bin/../lib/gcc/arm-none-eabi/12.3.1/../../../../arm-none-eabi/lib/thumb/v7e-m+fp/hard\libc_nano.a(libc_a-exit.o)
                              C:/ST/STM32CubeIDE_1.15.1/STM32CubeIDE/plugins/com.st.stm32cube.ide.mcu.externaltools.gnu-tools-for-stm32.12.3.rel1.win32_1.0.100.202403111256/tools/bin/../lib/gcc/arm-none-eabi/12.3.1/../../../../arm-none-eabi/lib/thumb/v7e-m+fp/hard/crt0.o (exit)
C:/ST/STM32CubeIDE_1.15.1/STM32CubeIDE/plugins/com.st.stm32cube.ide.mcu.externaltools.gnu-tools-for-stm32.12.3.rel1.win32_1.0.100.202403111256/tools/bin/../lib/gcc/arm-none-eabi/12.3.1/../../../../arm-none-eabi/lib/thumb/v7e-m+fp/hard\libc_nano.a(libc_a-findfp.o)
                              C:/ST/STM32CubeIDE_1.15.1/STM32CubeIDE/plugins/com.st.stm32cube.ide.mcu.externaltools.gnu-tools-for-stm32.12.3.rel1.win32_1.0.100.202403111256/tools/bin/../lib/gcc/arm-none-eabi/12.3.1/../../../../arm-none-eabi/lib/thumb/v7e-m+fp/hard\libc_nano.a(libc_a-exit.o) (__stdio_exit_handler)
C:/ST/STM32CubeIDE_1.15.1/STM32CubeIDE/plugins/com.st.stm32cube.ide.mcu.externaltools.gnu-tools-for-stm32.12.3.rel1.win32_1.0.100.202403111256/tools/bin/../lib/gcc/arm-none-eabi/12.3.1/../../../../arm-none-eabi/lib/thumb/v7e-m+fp/hard\libc_nano.a(libc_a-fwalk.o)
                              C:/ST/STM32CubeIDE_1.15.1/STM32CubeIDE/plugins/com.st.stm32cube.ide.mcu.externaltools.gnu-tools-for-stm32.12.3.rel1.win32_1.0.100.202403111256/tools/bin/../lib/gcc/arm-none-eabi/12.3.1/../../../../arm-none-eabi/lib/thumb/v7e-m+fp/hard\libc_nano.a(libc_a-findfp.o) (_fwalk_sglue)
C:/ST/STM32CubeIDE_1.15.1/STM32CubeIDE/plugins/com.st.stm32cube.ide.mcu.externaltools.gnu-tools-for-stm32.12.3.rel1.win32_1.0.100.202403111256/tools/bin/../lib/gcc/arm-none-eabi/12.3.1/../../../../arm-none-eabi/lib/thumb/v7e-m+fp/hard\libc_nano.a(libc_a-stdio.o)
                              C:/ST/STM32CubeIDE_1.15.1/STM32CubeIDE/plugins/com.st.stm32cube.ide.mcu.externaltools.gnu-tools-for-stm32.12.3.rel1.win32_1.0.100.202403111256/tools/bin/../lib/gcc/arm-none-eabi/12.3.1/../../../../arm-none-eabi/lib/thumb/v7e-m+fp/hard\libc_nano.a(libc_a-findfp.o) (__sread)
C:/ST/STM32CubeIDE_1.15.1/STM32CubeIDE/plugins/com.st.stm32cube.ide.mcu.externaltools.gnu-tools-for-stm32.12.3.rel1.win32_1.0.100.202403111256/tools/bin/../lib/gcc/arm-none-eabi/12.3.1/../../../../arm-none-eabi/lib/thumb/v7e-m+fp/hard\libc_nano.a(libc_a-memset.o)
                              C:/ST/STM32CubeIDE_1.15.1/STM32CubeIDE/plugins/com.st.stm32cube.ide.mcu.externaltools.gnu-tools-for-stm32.12.3.rel1.win32_1.0.100.202403111256/tools/bin/../lib/gcc/arm-none-eabi/12.3.1/../../../../arm-none-eabi/lib/thumb/v7e-m+fp/hard/crt0.o (memset)
C:/ST/STM32CubeIDE_1.15.1/STM32CubeIDE/plugins/com.st.stm32cube.ide.mcu.externaltools.gnu-tools-for-stm32.12.3.rel1.win32_1.0.100.202403111256/tools/bin/../lib/gcc/arm-none-eabi/12.3.1/../../../../arm-none-eabi/lib/thumb/v7e-m+fp/hard\libc_nano.a(libc_a-closer.o)
                              C:/ST/STM32CubeIDE_1.15.1/STM32CubeIDE/plugins/com.st.stm32cube.ide.mcu.externaltools.gnu-tools-for-stm32.12.3.rel1.win32_1.0.100.202403111256/tools/bin/../lib/gcc/arm-none-eabi/12.3.1/../../../../arm-none-eabi/lib/thumb/v7e-m+fp/hard\libc_nano.a(libc_a-stdio.o) (_close_r)
C:/ST/STM32CubeIDE_1.15.1/STM32CubeIDE/plugins/com.st.stm32cube.ide.mcu.externaltools.gnu-tools-for-stm32.12.3.rel1.win32_1.0.100.202403111256/tools/bin/../lib/gcc/arm-none-eabi/12.3.1/../../../../arm-none-eabi/lib/thumb/v7e-m+fp/hard\libc_nano.a(libc_a-reent.o)
                              C:/ST/STM32CubeIDE_1.15.1/STM32CubeIDE/plugins/com.st.stm32cube.ide.mcu.externaltools.gnu-tools-for-stm32.12.3.rel1.win32_1.0.100.202403111256/tools/bin/../lib/gcc/arm-none-eabi/12.3.1/../../../../arm-none-eabi/lib/thumb/v7e-m+fp/hard\libc_nano.a(libc_a-closer.o) (errno)
C:/ST/STM32CubeIDE_1.15.1/STM32CubeIDE/plugins/com.st.stm32cube.ide.mcu.externaltools.gnu-tools-for-stm32.12.3.rel1.win32_1.0.100.202403111256/tools/bin/../lib/gcc/arm-none-eabi/12.3.1/../../../../arm-none-eabi/lib/thumb/v7e-m+fp/hard\libc_nano.a(libc_a-impure.o)
                              C:/ST/STM32CubeIDE_1.15.1/STM32CubeIDE/plugins/com.st.stm32cube.ide.mcu.externaltools.gnu-tools-for-stm32.12.3.rel1.win32_1.0.100.202403111256/tools/bin/../lib/gcc/arm-none-eabi/12.3.1/../../../../arm-none-eabi/lib/thumb/v7e-m+fp/hard\libc_nano.a(libc_a-reent.o) (_impure_ptr)
C:/ST/STM32CubeIDE_1.15.1/STM32CubeIDE/plugins/com.st.stm32cube.ide.mcu.externaltools.gnu-tools-for-stm32.12.3.rel1.win32_1.0.100.202403111256/tools/bin/../lib/gcc/arm-none-eabi/12.3.1/../../../../arm-none-eabi/lib/thumb/v7e-m+fp/hard\libc_nano.a(libc_a-lseekr.o)
[...]
Memory Configuration

Name             Origin             Length             Attributes
CCMRAM           0x10000000         0x00010000         xrw
RAM              0x20000000         0x00020000         xrw
FLASH            0x08000000         0x00100000         xr
*default*        0x00000000         0xffffffff

Linker script and memory map

LOAD C:/ST/STM32CubeIDE_1.15.1/STM32CubeIDE/plugins/com.st.stm32cube.ide.mcu.externaltools.gnu-tools-for-stm32.12.3.rel1.win32_1.0.100.202403111256/tools/bin/../lib/gcc/arm-none-eabi/12.3.1/thumb/v7e-m+fp/hard/crti.o
LOAD C:/ST/STM32CubeIDE_1.15.1/STM32CubeIDE/plugins/com.st.stm32cube.ide.mcu.externaltools.gnu-tools-for-stm32.12.3.rel1.win32_1.0.100.202403111256/tools/bin/../lib/gcc/arm-none-eabi/12.3.1/thumb/v7e-m+fp/hard/crtbegin.o
LOAD C:/ST/STM32CubeIDE_1.15.1/STM32CubeIDE/plugins/com.st.stm32cube.ide.mcu.externaltools.gnu-tools-for-stm32.12.3.rel1.win32_1.0.100.202403111256/tools/bin/../lib/gcc/arm-none-eabi/12.3.1/../../../../arm-none-eabi/lib/thumb/v7e-m+fp/hard/crt0.o
LOAD ./Core/Src/adc.o
LOAD ./Core/Src/main.o
LOAD ./Core/Src/stm32f4xx_it.o
LOAD ./Core/Src/syscalls.o
LOAD ./Core/Src/sysmem.o
LOAD ./Core/Src/system_stm32f4xx.o
LOAD ./Core/Startup/startup_stm32f407vgtx.o
START GROUP
LOAD C:/ST/STM32CubeIDE_1.15.1/STM32CubeIDE/plugins/com.st.stm32cube.ide.mcu.externaltools.gnu-tools-for-stm32.12.3.rel1.win32_1.0.100.202403111256/tools/bin/../lib/gcc/arm-none-eabi/12.3.1/../../../../arm-none-eabi/lib/thumb/v7e-m+fp/hard\libc_nano.a
LOAD C:/ST/STM32CubeIDE_1.15.1/STM32CubeIDE/plugins/com.st.stm32cube.ide.mcu.externaltools.gnu-tools-for-stm32.12.3.rel1.win32_1.0.100.202403111256/tools/bin/../lib/gcc/arm-none-eabi/12.3.1/../../../../arm-none-eabi/lib/thumb/v7e-m+fp/hard\libm.a
END GROUP
START GROUP
LOAD C:/ST/STM32CubeIDE_1.15.1/STM32CubeIDE/plugins/com.st.stm32cube.ide.mcu.externaltools.gnu-tools-for-stm32.12.3.rel1.win32_1.0.100.202403111256/tools/bin/../lib/gcc/arm-none-eabi/12.3.1/thumb/v7e-m+fp/hard\libgcc.a
LOAD C:/ST/STM32CubeIDE_1.15.1/STM32CubeIDE/plugins/com.st.stm32cube.ide.mcu.externaltools.gnu-tools-for-stm32.12.3.rel1.win32_1.0.100.202403111256/tools/bin/../lib/gcc/arm-none-eabi/12.3.1/../../../../arm-none-eabi/lib/thumb/v7e-m+fp/hard\libc_nano.a
END GROUP
START GROUP
LOAD C:/ST/STM32CubeIDE_1.15.1/STM32CubeIDE/plugins/com.st.stm32cube.ide.mcu.externaltools.gnu-tools-for-stm32.12.3.rel1.win32_1.0.100.202403111256/tools/bin/../lib/gcc/arm-none-eabi/12.3.1/thumb/v7e-m+fp/hard\libgcc.a
LOAD C:/ST/STM32CubeIDE_1.15.1/STM32CubeIDE/plugins/com.st.stm32cube.ide.mcu.externaltools.gnu-tools-for-stm32.12.3.rel1.win32_1.0.100.202403111256/tools/bin/../lib/gcc/arm-none-eabi/12.3.1/../../../../arm-none-eabi/lib/thumb/v7e-m+fp/hard\libc_nano.a
LOAD C:/ST/STM32CubeIDE_1.15.1/STM32CubeIDE/plugins/com.st.stm32cube.ide.mcu.externaltools.gnu-tools-for-stm32.12.3.rel1.win32_1.0.100.202403111256/tools/bin/../lib/gcc/arm-none-eabi/12.3.1/../../../../arm-none-eabi/lib/thumb/v7e-m+fp/hard\libnosys.a
END GROUP
START GROUP
LOAD C:/ST/STM32CubeIDE_1.15.1/STM32CubeIDE/plugins/com.st.stm32cube.ide.mcu.externaltools.gnu-tools-for-stm32.12.3.rel1.win32_1.0.100.202403111256/tools/bin/../lib/gcc/arm-none-eabi/12.3.1/thumb/v7e-m+fp/hard\libgcc.a
LOAD C:/ST/STM32CubeIDE_1.15.1/STM32CubeIDE/plugins/com.st.stm32cube.ide.mcu.externaltools.gnu-tools-for-stm32.12.3.rel1.win32_1.0.100.202403111256/tools/bin/../lib/gcc/arm-none-eabi/12.3.1/../../../../arm-none-eabi/lib/thumb/v7e-m+fp/hard\libc_nano.a
LOAD C:/ST/STM32CubeIDE_1.15.1/STM32CubeIDE/plugins/com.st.stm32cube.ide.mcu.externaltools.gnu-tools-for-stm32.12.3.rel1.win32_1.0.100.202403111256/tools/bin/../lib/gcc/arm-none-eabi/12.3.1/../../../../arm-none-eabi/lib/thumb/v7e-m+fp/hard\libnosys.a
END GROUP
LOAD C:/ST/STM32CubeIDE_1.15.1/STM32CubeIDE/plugins/com.st.stm32cube.ide.mcu.externaltools.gnu-tools-for-stm32.12.3.rel1.win32_1.0.100.202403111256/tools/bin/../lib/gcc/arm-none-eabi/12.3.1/thumb/v7e-m+fp/hard/crtend.o
LOAD C:/ST/STM32CubeIDE_1.15.1/STM32CubeIDE/plugins/com.st.stm32cube.ide.mcu.externaltools.gnu-tools-for-stm32.12.3.rel1.win32_1.0.100.202403111256/tools/bin/../lib/gcc/arm-none-eabi/12.3.1/thumb/v7e-m+fp/hard/crtn.o
                0x20020000                        _estack = (ORIGIN (RAM) + LENGTH (RAM))
                0x00000200                        _Min_Heap_Size = 0x200
                0x00000400                        _Min_Stack_Size = 0x400

.isr_vector     0x08000000      0x188
                0x08000000                        . = ALIGN (0x4)
 *(.isr_vector)
 .isr_vector    0x08000000      0x188 ./Core/Startup/startup_stm32f407vgtx.o
                0x08000000                g_pfnVectors
                0x08000188                        . = ALIGN (0x4)

.text           0x08000188      0x79c
                0x08000188                        . = ALIGN (0x4)
 *(.text)
 .text          0x08000188       0x40 C:/ST/STM32CubeIDE_1.15.1/STM32CubeIDE/plugins/com.st.stm32cube.ide.mcu.externaltools.gnu-tools-for-stm32.12.3.rel1.win32_1.0.100.202403111256/tools/bin/../lib/gcc/arm-none-eabi/12.3.1/thumb/v7e-m+fp/hard/crtbegin.o
 *(.text*)
 .text.rcc_clock_enable
                0x080001c8       0x5c ./Core/Src/adc.o
                0x080001c8                rcc_clock_enable
 .text.gpio_config
                0x08000224       0x42 ./Core/Src/adc.o
                0x08000224                gpio_config
 .text.adc_open
                0x08000266       0x20 ./Core/Src/adc.o
                0x08000266                adc_open
 .text.adc_close
                0x08000286       0x20 ./Core/Src/adc.o
                0x08000286                adc_close
 .text.adc_config
                0x080002a6      0x158 ./Core/Src/adc.o
                0x080002a6                adc_config
 *fill*         0x080003fe        0x2 
 .text.adc_interrupt_irq
                0x08000400       0xc4 ./Core/Src/adc.o
                0x08000400                adc_interrupt_irq
 .text.adc_set_channel
                0x080004c4      0x10e ./Core/Src/adc.o
                0x080004c4                adc_set_channel
 .text.DMA_open_stream
                0x080005d2       0x22 ./Core/Src/adc.o
                0x080005d2                DMA_open_stream
 .text.DMA_close_stream
                0x080005f4       0x30 ./Core/Src/adc.o
                0x080005f4                DMA_close_stream
 .text.DMA_config
                0x08000624       0xd4 ./Core/Src/adc.o
                0x08000624                DMA_config
 .text.ADC_trigger
                0x080006f8       0x40 ./Core/Src/adc.o
                0x080006f8                ADC_trigger
 .text.main     0x08000738      0x108 ./Core/Src/main.o
                0x08000738                main
 .text.ADC_IRQHandler
                0x08000840        0xc ./Core/Src/stm32f4xx_it.o
                0x08000840                ADC_IRQHandler
 .text.SystemInit
                0x0800084c       0x24 ./Core/Src/system_stm32f4xx.o
                0x0800084c                SystemInit
 .text.Reset_Handler
                0x08000870       0x50 ./Core/Startup/startup_stm32f407vgtx.o
                0x08000870                Reset_Handler
 .text.Default_Handler
                0x080008c0        0x2 ./Core/Startup/startup_stm32f407vgtx.o
                0x080008c0                RTC_Alarm_IRQHandler
                0x080008c0                HASH_RNG_IRQHandler
                0x080008c0                EXTI2_IRQHandler
                0x080008c0                TIM8_CC_IRQHandler
                0x080008c0                DebugMon_Handler
                0x080008c0                TIM1_CC_IRQHandler
                0x080008c0                DMA2_Stream5_IRQHandler
                0x080008c0                HardFault_Handler
                0x080008c0                DMA1_Stream5_IRQHandler
                0x080008c0                SysTick_Handler
                0x080008c0                PVD_IRQHandler
                0x080008c0                SDIO_IRQHandler
                0x080008c0                TAMP_STAMP_IRQHandler
                0x080008c0                PendSV_Handler
                0x080008c0                NMI_Handler
                0x080008c0                CAN2_RX1_IRQHandler
                0x080008c0                EXTI3_IRQHandler
                0x080008c0                TIM8_TRG_COM_TIM14_IRQHandler
                0x080008c0                TIM1_UP_TIM10_IRQHandler
                0x080008c0                TIM8_UP_TIM13_IRQHandler
                0x080008c0                I2C3_ER_IRQHandler
                0x080008c0                EXTI0_IRQHandler
                0x080008c0                I2C2_EV_IRQHandler
                0x080008c0                DMA1_Stream2_IRQHandler
                0x080008c0                CAN1_RX0_IRQHandler
                0x080008c0                FPU_IRQHandler
                0x080008c0                OTG_HS_WKUP_IRQHandler
                0x080008c0                UsageFault_Handler
                0x080008c0                CAN2_SCE_IRQHandler
                0x080008c0                DMA2_Stream2_IRQHandler
                0x080008c0                SPI1_IRQHandler
                0x080008c0                TIM6_DAC_IRQHandler
                0x080008c0                TIM1_BRK_TIM9_IRQHandler
                0x080008c0                DCMI_IRQHandler
                0x080008c0                CAN2_RX0_IRQHandler
                0x080008c0                DMA2_Stream3_IRQHandler
                0x080008c0                USART6_IRQHandler
                0x080008c0                USART3_IRQHandler
                0x080008c0                CAN1_RX1_IRQHandler
                0x080008c0                UART5_IRQHandler
                0x080008c0                DMA2_Stream0_IRQHandler
                0x080008c0                TIM4_IRQHandler
                0x080008c0                I2C1_EV_IRQHandler
                0x080008c0                DMA1_Stream6_IRQHandler
                0x080008c0                DMA1_Stream1_IRQHandler
                0x080008c0                UART4_IRQHandler
                0x080008c0                TIM3_IRQHandler
                0x080008c0                RCC_IRQHandler
                0x080008c0                TIM8_BRK_TIM12_IRQHandler
                0x080008c0                Default_Handler
                0x080008c0                EXTI15_10_IRQHandler
                0x080008c0                DMA1_Stream7_IRQHandler
                0x080008c0                TIM7_IRQHandler
                0x080008c0                CAN2_TX_IRQHandler
                0x080008c0                TIM5_IRQHandler
                0x080008c0                DMA2_Stream7_IRQHandler
                0x080008c0                I2C3_EV_IRQHandler
                0x080008c0                EXTI9_5_IRQHandler
                0x080008c0                RTC_WKUP_IRQHandler
                0x080008c0                ETH_WKUP_IRQHandler
                0x080008c0                SPI2_IRQHandler
                0x080008c0                OTG_HS_EP1_IN_IRQHandler
                0x080008c0                MemManage_Handler
                0x080008c0                DMA1_Stream0_IRQHandler
                0x080008c0                CAN1_TX_IRQHandler
                0x080008c0                SVC_Handler
                0x080008c0                EXTI4_IRQHandler
                0x080008c0                FSMC_IRQHandler
                0x080008c0                ETH_IRQHandler
                0x080008c0                OTG_HS_EP1_OUT_IRQHandler
                0x080008c0                WWDG_IRQHandler
                0x080008c0                TIM2_IRQHandler
                0x080008c0                OTG_FS_WKUP_IRQHandler
                0x080008c0                TIM1_TRG_COM_TIM11_IRQHandler
                0x080008c0                OTG_HS_IRQHandler
                0x080008c0                EXTI1_IRQHandler
                0x080008c0                USART2_IRQHandler
                0x080008c0                I2C2_ER_IRQHandler
                0x080008c0                DMA2_Stream1_IRQHandler
                0x080008c0                CAN1_SCE_IRQHandler
                0x080008c0                FLASH_IRQHandler
                0x080008c0                DMA2_Stream4_IRQHandler
                0x080008c0                BusFault_Handler
                0x080008c0                USART1_IRQHandler
                0x080008c0                OTG_FS_IRQHandler
                0x080008c0                SPI3_IRQHandler
                0x080008c0                DMA1_Stream4_IRQHandler
                0x080008c0                I2C1_ER_IRQHandler
                0x080008c0                DMA2_Stream6_IRQHandler
                0x080008c0                DMA1_Stream3_IRQHandler
 *fill*         0x080008c2        0x2 
 .text.__libc_init_array
                0x080008c4       0x48 C:/ST/STM32CubeIDE_1.15.1/STM32CubeIDE/plugins/com.st.stm32cube.ide.mcu.externaltools.gnu-tools-for-stm32.12.3.rel1.win32_1.0.100.202403111256/tools/bin/../lib/gcc/arm-none-eabi/12.3.1/../../../../arm-none-eabi/lib/thumb/v7e-m+fp/hard\libc_nano.a(libc_a-init.o)
                0x080008c4                __libc_init_array
 *(.glue_7)
 .glue_7        0x0800090c        0x0 linker stubs
 *(.glue_7t)
 .glue_7t       0x0800090c        0x0 linker stubs
 *(.eh_frame)
 .eh_frame      0x0800090c        0x0 C:/ST/STM32CubeIDE_1.15.1/STM32CubeIDE/plugins/com.st.stm32cube.ide.mcu.externaltools.gnu-tools-for-stm32.12.3.rel1.win32_1.0.100.202403111256/tools/bin/../lib/gcc/arm-none-eabi/12.3.1/thumb/v7e-m+fp/hard/crtbegin.o
 *(.init)
 .init          0x0800090c        0x4 C:/ST/STM32CubeIDE_1.15.1/STM32CubeIDE/plugins/com.st.stm32cube.ide.mcu.externaltools.gnu-tools-for-stm32.12.3.rel1.win32_1.0.100.202403111256/tools/bin/../lib/gcc/arm-none-eabi/12.3.1/thumb/v7e-m+fp/hard/crti.o
                0x0800090c                _init
 .init          0x08000910        0x8 C:/ST/STM32CubeIDE_1.15.1/STM32CubeIDE/plugins/com.st.stm32cube.ide.mcu.externaltools.gnu-tools-for-stm32.12.3.rel1.win32_1.0.100.202403111256/tools/bin/../lib/gcc/arm-none-eabi/12.3.1/thumb/v7e-m+fp/hard/crtn.o
 *(.fini)
 .fini          0x08000918        0x4 C:/ST/STM32CubeIDE_1.15.1/STM32CubeIDE/plugins/com.st.stm32cube.ide.mcu.externaltools.gnu-tools-for-stm32.12.3.rel1.win32_1.0.100.202403111256/tools/bin/../lib/gcc/arm-none-eabi/12.3.1/thumb/v7e-m+fp/hard/crti.o
                0x08000918                _fini
 .fini          0x0800091c        0x8 C:/ST/STM32CubeIDE_1.15.1/STM32CubeIDE/plugins/com.st.stm32cube.ide.mcu.externaltools.gnu-tools-for-stm32.12.3.rel1.win32_1.0.100.202403111256/tools/bin/../lib/gcc/arm-none-eabi/12.3.1/thumb/v7e-m+fp/hard/crtn.o
                0x08000924                        . = ALIGN (0x4)
                0x08000924                        _etext = .

.vfp11_veneer   0x08000924        0x0
 .vfp11_veneer  0x08000924        0x0 linker stubs

.v4_bx          0x08000924        0x0
 .v4_bx         0x08000924        0x0 linker stubs

.iplt           0x08000924        0x0
 .iplt          0x08000924        0x0 C:/ST/STM32CubeIDE_1.15.1/STM32CubeIDE/plugins/com.st.stm32cube.ide.mcu.externaltools.gnu-tools-for-stm32.12.3.rel1.win32_1.0.100.202403111256/tools/bin/../lib/gcc/arm-none-eabi/12.3.1/thumb/v7e-m+fp/hard/crtbegin.o

.rodata         0x08000924        0x0
                0x08000924                        . = ALIGN (0x4)
 *(.rodata)
 *(.rodata*)
                0x08000924                        . = ALIGN (0x4)

.ARM.extab      0x08000924        0x0
                0x08000924                        . = ALIGN (0x4)
 *(.ARM.extab* .gnu.linkonce.armextab.*)
                0x08000924                        . = ALIGN (0x4)

.ARM            0x08000924        0x0
                0x08000924                        . = ALIGN (0x4)
                0x08000924                        __exidx_start = .
 *(.ARM.exidx*)
                0x08000924                        __exidx_end = .
                0x08000924                        . = ALIGN (0x4)

.preinit_array  0x08000924        0x0
                0x08000924                        . = ALIGN (0x4)
                0x08000924                        PROVIDE (__preinit_array_start = .)
 *(.preinit_array*)
                0x08000924                        PROVIDE (__preinit_array_end = .)
                0x08000924                        . = ALIGN (0x4)

.init_array     0x08000924        0x4
                0x08000924                        . = ALIGN (0x4)
                0x08000924                        PROVIDE (__init_array_start = .)
 *(SORT_BY_NAME(.init_array.*))
 *(.init_array*)
 .init_array    0x08000924        0x4 C:/ST/STM32CubeIDE_1.15.1/STM32CubeIDE/plugins/com.st.stm32cube.ide.mcu.externaltools.gnu-tools-for-stm32.12.3.rel1.win32_1.0.100.202403111256/tools/bin/../lib/gcc/arm-none-eabi/12.3.1/thumb/v7e-m+fp/hard/crtbegin.o
                0x08000928                        PROVIDE (__init_array_end = .)
                0x08000928                        . = ALIGN (0x4)

.fini_array     0x08000928        0x4
                0x08000928                        . = ALIGN (0x4)
                [!provide]                        PROVIDE (__fini_array_start = .)
 *(SORT_BY_NAME(.fini_array.*))
 *(.fini_array*)
 .fini_array    0x08000928        0x4 C:/ST/STM32CubeIDE_1.15.1/STM32CubeIDE/plugins/com.st.stm32cube.ide.mcu.externaltools.gnu-tools-for-stm32.12.3.rel1.win32_1.0.100.202403111256/tools/bin/../lib/gcc/arm-none-eabi/12.3.1/thumb/v7e-m+fp/hard/crtbegin.o
                [!provide]                        PROVIDE (__fini_array_end = .)
                0x0800092c                        . = ALIGN (0x4)
                0x0800092c                        _sidata = LOADADDR (.data)

.rel.dyn        0x0800092c        0x0
 .rel.iplt      0x0800092c        0x0 C:/ST/STM32CubeIDE_1.15.1/STM32CubeIDE/plugins/com.st.stm32cube.ide.mcu.externaltools.gnu-tools-for-stm32.12.3.rel1.win32_1.0.100.202403111256/tools/bin/../lib/gcc/arm-none-eabi/12.3.1/thumb/v7e-m+fp/hard/crtbegin.o

.data           0x20000000        0x8 load address 0x0800092c
                0x20000000                        . = ALIGN (0x4)
                0x20000000                        _sdata = .
 *(.data)
 *(.data*)
 .data.ptr      0x20000000        0x4 ./Core/Src/adc.o
                0x20000000                ptr
 .data.step_size
                0x20000004        0x4 ./Core/Src/main.o
                0x20000004                step_size
 *(.RamFunc)
 *(.RamFunc*)
                0x20000008                        . = ALIGN (0x4)
                0x20000008                        _edata = .
                0x08000934                        _siccmram = LOADADDR (.ccmram)

.igot.plt       0x20000008        0x0 load address 0x08000934
 .igot.plt      0x20000008        0x0 C:/ST/STM32CubeIDE_1.15.1/STM32CubeIDE/plugins/com.st.stm32cube.ide.mcu.externaltools.gnu-tools-for-stm32.12.3.rel1.win32_1.0.100.202403111256/tools/bin/../lib/gcc/arm-none-eabi/12.3.1/thumb/v7e-m+fp/hard/crtbegin.o

.ccmram         0x10000000        0x0 load address 0x08000934
                0x10000000                        . = ALIGN (0x4)
                0x10000000                        _sccmram = .
 *(.ccmram)
 *(.ccmram*)
                0x10000000                        . = ALIGN (0x4)
                0x10000000                        _eccmram = .
                0x10000000                        . = ALIGN (0x4)

.bss            0x20000008       0x6c
                0x20000008                        _sbss = .
                0x20000008                        __bss_start__ = _sbss
 *(.bss)
 .bss           0x20000008       0x1c C:/ST/STM32CubeIDE_1.15.1/STM32CubeIDE/plugins/com.st.stm32cube.ide.mcu.externaltools.gnu-tools-for-stm32.12.3.rel1.win32_1.0.100.202403111256/tools/bin/../lib/gcc/arm-none-eabi/12.3.1/thumb/v7e-m+fp/hard/crtbegin.o
 *(.bss*)
 .bss.gDataArr  0x20000024       0x14 ./Core/Src/adc.o
                0x20000024                gDataArr
 .bss.gDmaArr   0x20000038       0x26 ./Core/Src/adc.o
                0x20000038                gDmaArr
 *fill*         0x2000005e        0x2 
 .bss.Vstep1    0x20000060        0x4 ./Core/Src/main.o
                0x20000060                Vstep1
 .bss.Vstep2    0x20000064        0x4 ./Core/Src/main.o
                0x20000064                Vstep2
 .bss.Vstep3    0x20000068        0x4 ./Core/Src/main.o
                0x20000068                Vstep3
 .bss.channel_in1_sensor_value
                0x2000006c        0x2 ./Core/Src/main.o
                0x2000006c                channel_in1_sensor_value
 .bss.channel_in2_sensor_value
                0x2000006e        0x2 ./Core/Src/main.o
                0x2000006e                channel_in2_sensor_value
 .bss.channel_in3_sensor_value
                0x20000070        0x2 ./Core/Src/main.o
                0x20000070                channel_in3_sensor_value
 *(COMMON)
                0x20000074                        . = ALIGN (0x4)
 *fill*         0x20000072        0x2 
                0x20000074                        _ebss = .
                0x20000074                        __bss_end__ = _ebss

._user_heap_stack
                0x20000074      0x604
                0x20000078                        . = ALIGN (0x8)
 *fill*         0x20000074        0x4 
                [!provide]                        PROVIDE (end = .)
                0x20000078                        PROVIDE (_end = .)
                0x20000278                        . = (. + _Min_Heap_Size)
 *fill*         0x20000078      0x200 
                0x20000678                        . = (. + _Min_Stack_Size)
 *fill*         0x20000278      0x400 
                0x20000678                        . = ALIGN (0x8)

/DISCARD/
 libc.a(*)
 libm.a(*)
 libgcc.a(*)

.ARM.attributes
                0x00000000       0x30
 *(.ARM.attributes)
 .ARM.attributes
                0x00000000       0x22 C:/ST/STM32CubeIDE_1.15.1/STM32CubeIDE/plugins/com.st.stm32cube.ide.mcu.externaltools.gnu-tools-for-stm32.12.3.rel1.win32_1.0.100.202403111256/tools/bin/../lib/gcc/arm-none-eabi/12.3.1/thumb/v7e-m+fp/hard/crti.o
 .ARM.attributes
                0x00000022       0x34 C:/ST/STM32CubeIDE_1.15.1/STM32CubeIDE/plugins/com.st.stm32cube.ide.mcu.externaltools.gnu-tools-for-stm32.12.3.rel1.win32_1.0.100.202403111256/tools/bin/../lib/gcc/arm-none-eabi/12.3.1/thumb/v7e-m+fp/hard/crtbegin.o
 .ARM.attributes
                0x00000056       0x34 ./Core/Src/adc.o
 .ARM.attributes
                0x0000008a       0x34 ./Core/Src/main.o
 .ARM.attributes
                0x000000be       0x34 ./Core/Src/stm32f4xx_it.o
 .ARM.attributes
                0x000000f2       0x34 ./Core/Src/system_stm32f4xx.o
 .ARM.attributes
                0x00000126       0x21 ./Core/Startup/startup_stm32f407vgtx.o
 .ARM.attributes
                0x00000147       0x34 C:/ST/STM32CubeIDE_1.15.1/STM32CubeIDE/plugins/com.st.stm32cube.ide.mcu.externaltools.gnu-tools-for-stm32.12.3.rel1.win32_1.0.100.202403111256/tools/bin/../lib/gcc/arm-none-eabi/12.3.1/../../../../arm-none-eabi/lib/thumb/v7e-m+fp/hard\libc_nano.a(libc_a-init.o)
 .ARM.attributes
                0x0000017b       0x22 C:/ST/STM32CubeIDE_1.15.1/STM32CubeIDE/plugins/com.st.stm32cube.ide.mcu.externaltools.gnu-tools-for-stm32.12.3.rel1.win32_1.0.100.202403111256/tools/bin/../lib/gcc/arm-none-eabi/12.3.1/thumb/v7e-m+fp/hard/crtn.o
OUTPUT(adc_driver_from_scratch.elf elf32-littlearm)
LOAD linker stubs
LOAD C:/ST/STM32CubeIDE_1.15.1/STM32CubeIDE/plugins/com.st.stm32cube.ide.mcu.externaltools.gnu-tools-for-stm32.12.3.rel1.win32_1.0.100.202403111256/tools/bin/../lib/gcc/arm-none-eabi/12.3.1/../../../../arm-none-eabi/lib/thumb/v7e-m+fp/hard\libc.a
LOAD C:/ST/STM32CubeIDE_1.15.1/STM32CubeIDE/plugins/com.st.stm32cube.ide.mcu.externaltools.gnu-tools-for-stm32.12.3.rel1.win32_1.0.100.202403111256/tools/bin/../lib/gcc/arm-none-eabi/12.3.1/../../../../arm-none-eabi/lib/thumb/v7e-m+fp/hard\libm.a
LOAD C:/ST/STM32CubeIDE_1.15.1/STM32CubeIDE/plugins/com.st.stm32cube.ide.mcu.externaltools.gnu-tools-for-stm32.12.3.rel1.win32_1.0.100.202403111256/tools/bin/../lib/gcc/arm-none-eabi/12.3.1/thumb/v7e-m+fp/hard\libgcc.a

.debug_info     0x00000000     0x1c05
 .debug_info    0x00000000      0xf71 ./Core/Src/adc.o
 .debug_info    0x00000f71      0x6ac ./Core/Src/main.o
 .debug_info    0x0000161d       0x9a ./Core/Src/stm32f4xx_it.o
 .debug_info    0x000016b7      0x51e ./Core/Src/system_stm32f4xx.o
 .debug_info    0x00001bd5       0x30 ./Core/Startup/startup_stm32f407vgtx.o

.debug_abbrev   0x00000000      0x67a
 .debug_abbrev  0x00000000      0x30c ./Core/Src/adc.o
 .debug_abbrev  0x0000030c      0x185 ./Core/Src/main.o
 .debug_abbrev  0x00000491       0x58 ./Core/Src/stm32f4xx_it.o
 .debug_abbrev  0x000004e9      0x16d ./Core/Src/system_stm32f4xx.o
 .debug_abbrev  0x00000656       0x24 ./Core/Startup/startup_stm32f407vgtx.o

.debug_aranges  0x00000000      0x140
 .debug_aranges
                0x00000000       0xb0 ./Core/Src/adc.o
 .debug_aranges
                0x000000b0       0x20 ./Core/Src/main.o
 .debug_aranges
                0x000000d0       0x20 ./Core/Src/stm32f4xx_it.o
 .debug_aranges
                0x000000f0       0x28 ./Core/Src/system_stm32f4xx.o
 .debug_aranges
                0x00000118       0x28 ./Core/Startup/startup_stm32f407vgtx.o

.debug_rnglists
                0x00000000       0xde
 .debug_rnglists
                0x00000000       0x84 ./Core/Src/adc.o
 .debug_rnglists
                0x00000084       0x14 ./Core/Src/main.o
 .debug_rnglists
                0x00000098       0x13 ./Core/Src/stm32f4xx_it.o
 .debug_rnglists
                0x000000ab       0x1a ./Core/Src/system_stm32f4xx.o
 .debug_rnglists
                0x000000c5       0x19 ./Core/Startup/startup_stm32f407vgtx.o

.debug_macro    0x00000000    0x193fa
 .debug_macro   0x00000000      0x199 ./Core/Src/adc.o
 .debug_macro   0x00000199      0xab4 ./Core/Src/adc.o
 .debug_macro   0x00000c4d       0x2a ./Core/Src/adc.o
 .debug_macro   0x00000c77       0x22 ./Core/Src/adc.o
 .debug_macro   0x00000c99       0x5b ./Core/Src/adc.o
 .debug_macro   0x00000cf4       0x94 ./Core/Src/adc.o
 .debug_macro   0x00000d88       0x43 ./Core/Src/adc.o
 .debug_macro   0x00000dcb       0x34 ./Core/Src/adc.o
 .debug_macro   0x00000dff       0x16 ./Core/Src/adc.o
 .debug_macro   0x00000e15      0x11c ./Core/Src/adc.o
 .debug_macro   0x00000f31       0x94 ./Core/Src/adc.o
 .debug_macro   0x00000fc5       0x16 ./Core/Src/adc.o
 .debug_macro   0x00000fdb       0x43 ./Core/Src/adc.o
 .debug_macro   0x0000101e       0x57 ./Core/Src/adc.o
 .debug_macro   0x00001075       0x34 ./Core/Src/adc.o
 .debug_macro   0x000010a9       0x10 ./Core/Src/adc.o
 .debug_macro   0x000010b9       0x58 ./Core/Src/adc.o
 .debug_macro   0x00001111       0x8e ./Core/Src/adc.o
 .debug_macro   0x0000119f       0x1c ./Core/Src/adc.o
 .debug_macro   0x000011bb      0x177 ./Core/Src/adc.o
 .debug_macro   0x00001332      0x369 ./Core/Src/adc.o
 .debug_macro   0x0000169b       0x16 ./Core/Src/adc.o
 .debug_macro   0x000016b1       0x29 ./Core/Src/adc.o
 .debug_macro   0x000016da      0x103 ./Core/Src/adc.o
 .debug_macro   0x000017dd       0x6a ./Core/Src/adc.o
 .debug_macro   0x00001847      0x1df ./Core/Src/adc.o
 .debug_macro   0x00001a26       0x2f ./Core/Src/adc.o
 .debug_macro   0x00001a55       0x1c ./Core/Src/adc.o
 .debug_macro   0x00001a71       0x22 ./Core/Src/adc.o
 .debug_macro   0x00001a93       0xfb ./Core/Src/adc.o
 .debug_macro   0x00001b8e     0x1011 ./Core/Src/adc.o
 .debug_macro   0x00002b9f      0x11f ./Core/Src/adc.o
 .debug_macro   0x00002cbe    0x15b6b ./Core/Src/adc.o
 .debug_macro   0x00018829      0x4e8 ./Core/Src/adc.o
 .debug_macro   0x00018d11      0x1a3 ./Core/Src/main.o
 .debug_macro   0x00018eb4      0x1ad ./Core/Src/stm32f4xx_it.o
 .debug_macro   0x00019061      0x1be ./Core/Src/system_stm32f4xx.o
 .debug_macro   0x0001921f       0x2e ./Core/Src/system_stm32f4xx.o
 .debug_macro   0x0001924d       0x8e ./Core/Src/system_stm32f4xx.o
 .debug_macro   0x000192db       0x51 ./Core/Src/system_stm32f4xx.o
 .debug_macro   0x0001932c       0x6d ./Core/Src/system_stm32f4xx.o
 .debug_macro   0x00019399       0x61 ./Core/Src/system_stm32f4xx.o

.debug_line     0x00000000     0x1fa2
 .debug_line    0x00000000      0xb48 ./Core/Src/adc.o
 .debug_line    0x00000b48      0x682 ./Core/Src/main.o
 .debug_line    0x000011ca      0x66b ./Core/Src/stm32f4xx_it.o
 .debug_line    0x00001835      0x6f3 ./Core/Src/system_stm32f4xx.o
 .debug_line    0x00001f28       0x7a ./Core/Startup/startup_stm32f407vgtx.o

.debug_str      0x00000000    0x8c434
 .debug_str     0x00000000    0x8bb19 ./Core/Src/adc.o
                              0x8bdbf (size before relaxing)
 .debug_str     0x0008bb19       0xac ./Core/Src/main.o
                              0x8b65c (size before relaxing)
 .debug_str     0x0008bbc5       0x3c ./Core/Src/stm32f4xx_it.o
                              0x8b173 (size before relaxing)
 .debug_str     0x0008bc01      0x7ef ./Core/Src/system_stm32f4xx.o
                              0x8bbe3 (size before relaxing)
 .debug_str     0x0008c3f0       0x44 ./Core/Startup/startup_stm32f407vgtx.o
                                 0x8f (size before relaxing)

.comment        0x00000000       0x43
 .comment       0x00000000       0x43 ./Core/Src/adc.o
                                 0x44 (size before relaxing)
 .comment       0x00000043       0x44 ./Core/Src/main.o
 .comment       0x00000043       0x44 ./Core/Src/stm32f4xx_it.o
 .comment       0x00000043       0x44 ./Core/Src/system_stm32f4xx.o

.debug_frame    0x00000000      0x3c4
 .debug_frame   0x00000000      0x2e8 ./Core/Src/adc.o
 .debug_frame   0x000002e8       0x2c ./Core/Src/main.o
 .debug_frame   0x00000314       0x2c ./Core/Src/stm32f4xx_it.o
 .debug_frame   0x00000340       0x58 ./Core/Src/system_stm32f4xx.o
 .debug_frame   0x00000398       0x2c C:/ST/STM32CubeIDE_1.15.1/STM32CubeIDE/plugins/com.st.stm32cube.ide.mcu.externaltools.gnu-tools-for-stm32.12.3.rel1.win32_1.0.100.202403111256/tools/bin/../lib/gcc/arm-none-eabi/12.3.1/../../../../arm-none-eabi/lib/thumb/v7e-m+fp/hard\libc_nano.a(libc_a-init.o)

.debug_line_str
                0x00000000       0x73
 .debug_line_str
                0x00000000       0x73 ./Core/Startup/startup_stm32f407vgtx.o
