../Drivers/CMSIS/Include/core_cm4.h:1684:22:__NVIC_EnableIRQ	16	static,ignoring_inline_asm
../Drivers/CMSIS/Include/core_cm4.h:1814:22:__NVIC_SetPriority	16	static
../Core/Src/adc.c:21:6:rcc_clock_enable	16	static
../Core/Src/adc.c:33:6:gpio_config	16	static
../Core/Src/adc.c:45:6:adc_open	16	static
../Core/Src/adc.c:56:6:adc_close	16	static
../Core/Src/adc.c:68:6:adc_config	16	static
../Core/Src/adc.c:153:10:adc_conversion_polling	24	static
../Core/Src/adc.c:176:6:adc_continuous_conversion_polling	40	static
../Core/Src/adc.c:223:6:adc_interrupt_open	16	static
../Core/Src/adc.c:235:6:adc_interrupt_enable	16	static
../Core/Src/adc.c:258:6:adc_interrupt_irq	8	static
../Core/Src/adc.c:310:15:adc_set_channel	24	static
../Core/Src/adc.c:364:10:get_adc_value	16	static
../Core/Src/adc.c:374:6:test_adc_internal_sensor_function	32	static
../Core/Src/adc.c:408:15:DMA_open_stream	16	static
../Core/Src/adc.c:421:15:DMA_close_stream	16	static
../Core/Src/adc.c:437:6:DMA_config	24	static
../Core/Src/adc.c:496:6:ADC_trigger	24	static
